current directory: /Users/nicky.tomar/Desktop/workspace/mekya/mekyaB2C/vendor/bundle/ruby/3.2.0/gems/json-2.19.5/ext/json/ext/parser
/Users/nicky.tomar/.rbenv/versions/3.2.2/bin/ruby extconf.rb
checking for rb_enc_interned_str() in ruby/encoding.h... yes
checking for rb_str_to_interned_str() in ruby.h... yes
checking for rb_hash_new_capa() in ruby.h... yes
checking for rb_hash_bulk_insert() in ruby.h... yes
checking for RUBY_TYPED_EMBEDDABLE in ruby.h... no
checking for whether -std=c99 is accepted as CFLAGS... no
checking for arm_neon.h... yes
checking for cpuid.h... no
creating Makefile

current directory: /Users/nicky.tomar/Desktop/workspace/mekya/mekyaB2C/vendor/bundle/ruby/3.2.0/gems/json-2.19.5/ext/json/ext/parser
make DESTDIR\= sitearchdir\=./.gem.20260506-42993-jl12fs sitelibdir\=./.gem.20260506-42993-jl12fs clean

current directory: /Users/nicky.tomar/Desktop/workspace/mekya/mekyaB2C/vendor/bundle/ruby/3.2.0/gems/json-2.19.5/ext/json/ext/parser
make DESTDIR\= sitearchdir\=./.gem.20260506-42993-jl12fs sitelibdir\=./.gem.20260506-42993-jl12fs
compiling parser.c
In file included from parser.c:1:
In file included from ./../json.h:4:
In file included from /Users/nicky.tomar/.rbenv/versions/3.2.2/include/ruby-3.2.0/ruby.h:38:
In file included from /Users/nicky.tomar/.rbenv/versions/3.2.2/include/ruby-3.2.0/ruby/ruby.h:28:
In file included from /Users/nicky.tomar/.rbenv/versions/3.2.2/include/ruby-3.2.0/ruby/internal/arithmetic.h:24:
In file included from /Users/nicky.tomar/.rbenv/versions/3.2.2/include/ruby-3.2.0/ruby/internal/arithmetic/char.h:29:
/Users/nicky.tomar/.rbenv/versions/3.2.2/include/ruby-3.2.0/ruby/internal/core/rstring.h:465:24: warning: default initialization of an object of type 'struct RString' with const member leaves the object uninitialized [-Wdefault-const-init-field-unsafe]
  465 |         struct RString retval;
      |                        ^
/Users/nicky.tomar/.rbenv/versions/3.2.2/include/ruby-3.2.0/ruby/internal/core/rbasic.h:88:17: note: member 'klass' declared 'const' here
   88 |     const VALUE klass;
      |                 ^
1 warning generated.
linking shared-object json/ext/parser.bundle
ld: warning: ignoring duplicate libraries: '-lruby.3.2'

current directory: /Users/nicky.tomar/Desktop/workspace/mekya/mekyaB2C/vendor/bundle/ruby/3.2.0/gems/json-2.19.5/ext/json/ext/parser
make DESTDIR\= sitearchdir\=./.gem.20260506-42993-jl12fs sitelibdir\=./.gem.20260506-42993-jl12fs install
/usr/bin/install -c -m 0755 parser.bundle ./.gem.20260506-42993-jl12fs/json/ext

current directory: /Users/nicky.tomar/Desktop/workspace/mekya/mekyaB2C/vendor/bundle/ruby/3.2.0/gems/json-2.19.5/ext/json/ext/parser
make DESTDIR\= sitearchdir\=./.gem.20260506-42993-jl12fs sitelibdir\=./.gem.20260506-42993-jl12fs clean
